exports[`Shared component: <Icon /> renders correctly 1`] = `null`;
